// Jest Snapshot v1, https://goo.gl/fbAQLP

exports[`MyComponent renders fine :) 1`] = `
<div>
  <div>
    <button>
      0
    </button>
  </div>
</div>
`;
